0 verbose cli C:\Program Files\nodejs\node.exe C:\Program Files\nodejs\node_modules\npm\bin\npm-cli.js
1 info using npm@11.6.2
2 info using node@v24.13.0
3 silly config load:file:C:\Program Files\nodejs\node_modules\npm\npmrc
4 silly config load:file:C:\Users\isaac\Documents\Proyectos\Postular_app\job-dashboard\.npmrc
5 silly config load:file:C:\Users\isaac\.npmrc
6 silly config load:file:C:\Users\isaac\AppData\Roaming\npm\etc\npmrc
7 verbose title npm install @angular/animations @angular/material @angular/cdk chart.js ng2-charts
8 verbose argv "install" "@angular/animations" "@angular/material" "@angular/cdk" "chart.js" "ng2-charts"
9 verbose logfile logs-max:10 dir:C:\Users\isaac\Documents\Proyectos\Postular_app\.npm-cache\_logs\2026-04-16T21_50_31_443Z-
10 verbose logfile C:\Users\isaac\Documents\Proyectos\Postular_app\.npm-cache\_logs\2026-04-16T21_50_31_443Z-debug-0.log
11 silly logfile done cleaning log files
12 silly packumentCache heap:4496293888 maxSize:1124073472 maxEntrySize:562036736
13 silly idealTree buildDeps
14 silly fetch manifest @angular/animations@*
15 silly packumentCache full:https://registry.npmjs.org/@angular%2fanimations cache-miss
16 http cache https://registry.npmjs.org/@angular%2fanimations 70ms (cache hit)
17 silly packumentCache full:https://registry.npmjs.org/@angular%2fanimations set size:2779287 disposed:false
18 silly fetch manifest @angular/core@^21.2.0
19 silly packumentCache full:https://registry.npmjs.org/@angular%2fcore cache-miss
20 http cache https://registry.npmjs.org/@angular%2fcore 9ms (cache hit)
21 silly packumentCache full:https://registry.npmjs.org/@angular%2fcore set size:2950289 disposed:false
22 silly fetch manifest @angular/compiler@^21.2.0
23 silly packumentCache full:https://registry.npmjs.org/@angular%2fcompiler cache-miss
24 http cache https://registry.npmjs.org/@angular%2fcompiler 9ms (cache hit)
25 silly packumentCache full:https://registry.npmjs.org/@angular%2fcompiler set size:2676565 disposed:false
26 silly fetch manifest rxjs@~7.8.0
27 silly packumentCache full:https://registry.npmjs.org/rxjs cache-miss
28 http cache https://registry.npmjs.org/rxjs 7ms (cache hit)
29 silly packumentCache full:https://registry.npmjs.org/rxjs set size:980097 disposed:false
30 silly fetch manifest zone.js@~0.15.0 || ~0.16.0
31 silly packumentCache full:https://registry.npmjs.org/zone.js cache-miss
32 http cache https://registry.npmjs.org/zone.js 5ms (cache hit)
33 silly packumentCache full:https://registry.npmjs.org/zone.js set size:375340 disposed:false
34 silly fetch manifest @angular/material@*
35 silly packumentCache full:https://registry.npmjs.org/@angular%2fmaterial cache-miss
36 http fetch GET 200 https://registry.npmjs.org/@angular%2fmaterial 251ms (cache miss)
37 silly packumentCache full:https://registry.npmjs.org/@angular%2fmaterial set size:undefined disposed:false
38 silly fetch manifest @angular/cdk@*
39 silly packumentCache full:https://registry.npmjs.org/@angular%2fcdk cache-miss
40 http fetch GET 200 https://registry.npmjs.org/@angular%2fcdk 88ms (cache miss)
41 silly packumentCache full:https://registry.npmjs.org/@angular%2fcdk set size:undefined disposed:false
42 silly fetch manifest @angular/common@^21.2.0
43 silly packumentCache full:https://registry.npmjs.org/@angular%2fcommon cache-miss
44 http cache https://registry.npmjs.org/@angular%2fcommon 9ms (cache hit)
45 silly packumentCache full:https://registry.npmjs.org/@angular%2fcommon set size:3070834 disposed:false
46 silly fetch manifest @angular/platform-browser@^21.2.0
47 silly packumentCache full:https://registry.npmjs.org/@angular%2fplatform-browser cache-miss
48 http cache https://registry.npmjs.org/@angular%2fplatform-browser 8ms (cache hit)
49 silly packumentCache full:https://registry.npmjs.org/@angular%2fplatform-browser set size:3065365 disposed:false
50 silly fetch manifest @angular/forms@^21.2.0
51 silly packumentCache full:https://registry.npmjs.org/@angular%2fforms cache-miss
52 http cache https://registry.npmjs.org/@angular%2fforms 9ms (cache hit)
53 silly packumentCache full:https://registry.npmjs.org/@angular%2fforms set size:2721640 disposed:false
54 silly fetch manifest chart.js@*
55 silly packumentCache full:https://registry.npmjs.org/chart.js cache-miss
56 http fetch GET 200 https://registry.npmjs.org/chart.js 43ms (cache miss)
57 silly packumentCache full:https://registry.npmjs.org/chart.js set size:undefined disposed:false
58 silly fetch manifest ng2-charts@*
59 silly packumentCache full:https://registry.npmjs.org/ng2-charts cache-miss
60 http fetch GET 200 https://registry.npmjs.org/ng2-charts 222ms (cache miss)
61 silly packumentCache full:https://registry.npmjs.org/ng2-charts set size:undefined disposed:false
62 silly placeDep ROOT @angular/animations@21.2.9 OK for: job-dashboard@0.0.0 want: *
63 silly placeDep ROOT @angular/cdk@21.2.7 OK for: job-dashboard@0.0.0 want: *
64 silly placeDep ROOT @angular/material@21.2.7 OK for: job-dashboard@0.0.0 want: *
65 silly placeDep ROOT chart.js@4.5.1 OK for: job-dashboard@0.0.0 want: *
66 silly placeDep ROOT ng2-charts@10.0.0 OK for: job-dashboard@0.0.0 want: *
67 silly fetch manifest @kurkle/color@^0.3.0
68 silly packumentCache full:https://registry.npmjs.org/@kurkle%2fcolor cache-miss
69 silly fetch manifest es-toolkit@^1.39.7
70 silly packumentCache full:https://registry.npmjs.org/es-toolkit cache-miss
71 http fetch GET 200 https://registry.npmjs.org/es-toolkit 154ms (cache miss)
72 silly packumentCache full:https://registry.npmjs.org/es-toolkit set size:undefined disposed:false
73 http fetch GET 200 https://registry.npmjs.org/@kurkle%2fcolor 199ms (cache miss)
74 silly packumentCache full:https://registry.npmjs.org/@kurkle%2fcolor set size:undefined disposed:false
75 silly placeDep ROOT @kurkle/color@0.3.4 OK for: chart.js@4.5.1 want: ^0.3.0
76 silly placeDep ROOT es-toolkit@1.45.1 OK for: ng2-charts@10.0.0 want: ^1.39.7
77 silly reify moves {}
78 silly audit bulk request {
78 silly audit   '@acemir/cssom': [ '0.9.31' ],
78 silly audit   '@algolia/abtesting': [ '1.14.1' ],
78 silly audit   '@algolia/client-abtesting': [ '5.48.1' ],
78 silly audit   '@algolia/client-analytics': [ '5.48.1' ],
78 silly audit   '@algolia/client-common': [ '5.48.1' ],
78 silly audit   '@algolia/client-insights': [ '5.48.1' ],
78 silly audit   '@algolia/client-personalization': [ '5.48.1' ],
78 silly audit   '@algolia/client-query-suggestions': [ '5.48.1' ],
78 silly audit   '@algolia/client-search': [ '5.48.1' ],
78 silly audit   '@algolia/ingestion': [ '1.48.1' ],
78 silly audit   '@algolia/monitoring': [ '1.48.1' ],
78 silly audit   '@algolia/recommend': [ '5.48.1' ],
78 silly audit   '@algolia/requester-browser-xhr': [ '5.48.1' ],
78 silly audit   '@algolia/requester-fetch': [ '5.48.1' ],
78 silly audit   '@algolia/requester-node-http': [ '5.48.1' ],
78 silly audit   '@ampproject/remapping': [ '2.3.0' ],
78 silly audit   '@angular-devkit/architect': [ '0.2102.7' ],
78 silly audit   '@angular-devkit/core': [ '21.2.7' ],
78 silly audit   '@angular-devkit/schematics': [ '21.2.7' ],
78 silly audit   '@angular/build': [ '21.2.7' ],
78 silly audit   '@angular/cli': [ '21.2.7' ],
78 silly audit   '@angular/common': [ '21.2.9' ],
78 silly audit   '@angular/compiler': [ '21.2.9' ],
78 silly audit   '@angular/compiler-cli': [ '21.2.9' ],
78 silly audit   '@angular/core': [ '21.2.9' ],
78 silly audit   '@angular/forms': [ '21.2.9' ],
78 silly audit   '@angular/platform-browser': [ '21.2.9' ],
78 silly audit   '@angular/router': [ '21.2.9' ],
78 silly audit   '@asamuzakjp/css-color': [ '5.1.11' ],
78 silly audit   '@asamuzakjp/dom-selector': [ '6.8.1' ],
78 silly audit   'lru-cache': [ '11.3.5', '5.1.1' ],
78 silly audit   '@asamuzakjp/generational-cache': [ '1.0.1' ],
78 silly audit   '@asamuzakjp/nwsapi': [ '2.3.9' ],
78 silly audit   '@babel/code-frame': [ '7.29.0' ],
78 silly audit   '@babel/compat-data': [ '7.29.0' ],
78 silly audit   '@babel/core': [ '7.29.0' ],
78 silly audit   'convert-source-map': [ '2.0.0', '1.9.0' ],
78 silly audit   semver: [ '6.3.1', '7.7.4' ],
78 silly audit   '@babel/generator': [ '7.29.1' ],
78 silly audit   '@babel/helper-annotate-as-pure': [ '7.27.3' ],
78 silly audit   '@babel/helper-compilation-targets': [ '7.28.6' ],
78 silly audit   '@babel/helper-globals': [ '7.28.0' ],
78 silly audit   '@babel/helper-module-imports': [ '7.28.6' ],
78 silly audit   '@babel/helper-module-transforms': [ '7.28.6' ],
78 silly audit   '@babel/helper-split-export-declaration': [ '7.24.7' ],
78 silly audit   '@babel/helper-string-parser': [ '7.27.1' ],
78 silly audit   '@babel/helper-validator-identifier': [ '7.28.5' ],
78 silly audit   '@babel/helper-validator-option': [ '7.27.1' ],
78 silly audit   '@babel/helpers': [ '7.29.2' ],
78 silly audit   '@babel/parser': [ '7.29.2' ],
78 silly audit   '@babel/template': [ '7.28.6' ],
78 silly audit   '@babel/traverse': [ '7.29.0' ],
78 silly audit   '@babel/types': [ '7.29.0' ],
78 silly audit   '@bramus/specificity': [ '2.4.2' ],
78 silly audit   '@csstools/color-helpers': [ '6.0.2' ],
78 silly audit   '@csstools/css-calc': [ '3.2.0' ],
78 silly audit   '@csstools/css-color-parser': [ '4.1.0' ],
78 silly audit   '@csstools/css-parser-algorithms': [ '4.0.0' ],
78 silly audit   '@csstools/css-syntax-patches-for-csstree': [ '1.1.3' ],
78 silly audit   '@csstools/css-tokenizer': [ '4.0.0' ],
78 silly audit   '@emnapi/wasi-threads': [ '1.2.1' ],
78 silly audit   '@esbuild/aix-ppc64': [ '0.27.3' ],
78 silly audit   '@esbuild/android-arm': [ '0.27.3' ],
78 silly audit   '@esbuild/android-arm64': [ '0.27.3' ],
78 silly audit   '@esbuild/android-x64': [ '0.27.3' ],
78 silly audit   '@esbuild/darwin-arm64': [ '0.27.3' ],
78 silly audit   '@esbuild/darwin-x64': [ '0.27.3' ],
78 silly audit   '@esbuild/freebsd-arm64': [ '0.27.3' ],
78 silly audit   '@esbuild/freebsd-x64': [ '0.27.3' ],
78 silly audit   '@esbuild/linux-arm': [ '0.27.3' ],
78 silly audit   '@esbuild/linux-arm64': [ '0.27.3' ],
78 silly audit   '@esbuild/linux-ia32': [ '0.27.3' ],
78 silly audit   '@esbuild/linux-loong64': [ '0.27.3' ],
78 silly audit   '@esbuild/linux-mips64el': [ '0.27.3' ],
78 silly audit   '@esbuild/linux-ppc64': [ '0.27.3' ],
78 silly audit   '@esbuild/linux-riscv64': [ '0.27.3' ],
78 silly audit   '@esbuild/linux-s390x': [ '0.27.3' ],
78 silly audit   '@esbuild/linux-x64': [ '0.27.3' ],
78 silly audit   '@esbuild/netbsd-arm64': [ '0.27.3' ],
78 silly audit   '@esbuild/netbsd-x64': [ '0.27.3' ],
78 silly audit   '@esbuild/openbsd-arm64': [ '0.27.3' ],
78 silly audit   '@esbuild/openbsd-x64': [ '0.27.3' ],
78 silly audit   '@esbuild/openharmony-arm64': [ '0.27.3' ],
78 silly audit   '@esbuild/sunos-x64': [ '0.27.3' ],
78 silly audit   '@esbuild/win32-arm64': [ '0.27.3' ],
78 silly audit   '@esbuild/win32-ia32': [ '0.27.3' ],
78 silly audit   '@esbuild/win32-x64': [ '0.27.3' ],
78 silly audit   '@exodus/bytes': [ '1.15.0' ],
78 silly audit   '@gar/promise-retry': [ '1.0.3' ],
78 silly audit   '@harperfast/extended-iterable': [ '1.0.3' ],
78 silly audit   '@hono/node-server': [ '1.19.14' ],
78 silly audit   '@inquirer/ansi': [ '1.0.2' ],
78 silly audit   '@inquirer/checkbox': [ '4.3.2' ],
78 silly audit   '@inquirer/confirm': [ '5.1.21' ],
78 silly audit   '@inquirer/core': [ '10.3.2' ],
78 silly audit   '@inquirer/editor': [ '4.2.23' ],
78 silly audit   '@inquirer/expand': [ '4.0.23' ],
78 silly audit   '@inquirer/external-editor': [ '1.0.3' ],
78 silly audit   '@inquirer/figures': [ '1.0.15' ],
78 silly audit   '@inquirer/input': [ '4.3.1' ],
78 silly audit   '@inquirer/number': [ '3.0.23' ],
78 silly audit   '@inquirer/password': [ '4.0.23' ],
78 silly audit   '@inquirer/prompts': [ '7.10.1' ],
78 silly audit   '@inquirer/rawlist': [ '4.1.11' ],
78 silly audit   '@inquirer/search': [ '3.2.2' ],
78 silly audit   '@inquirer/select': [ '4.4.2' ],
78 silly audit   '@inquirer/type': [ '3.0.10' ],
78 silly audit   '@isaacs/fs-minipass': [ '4.0.1' ],
78 silly audit   '@istanbuljs/schema': [ '0.1.6' ],
78 silly audit   '@jridgewell/gen-mapping': [ '0.3.13' ],
78 silly audit   '@jridgewell/remapping': [ '2.3.5' ],
78 silly audit   '@jridgewell/resolve-uri': [ '3.1.2' ],
78 silly audit   '@jridgewell/sourcemap-codec': [ '1.5.5' ],
78 silly audit   '@jridgewell/trace-mapping': [ '0.3.31' ],
78 silly audit   '@listr2/prompt-adapter-inquirer': [ '3.0.5' ],
78 silly audit   '@lmdb/lmdb-darwin-arm64': [ '3.5.1' ],
78 silly audit   '@lmdb/lmdb-darwin-x64': [ '3.5.1' ],
78 silly audit   '@lmdb/lmdb-linux-arm': [ '3.5.1' ],
78 silly audit   '@lmdb/lmdb-linux-arm64': [ '3.5.1' ],
78 silly audit   '@lmdb/lmdb-linux-x64': [ '3.5.1' ],
78 silly audit   '@lmdb/lmdb-win32-arm64': [ '3.5.1' ],
78 silly audit   '@lmdb/lmdb-win32-x64': [ '3.5.1' ],
78 silly audit   '@modelcontextprotocol/sdk': [ '1.26.0' ],
78 silly audit   '@msgpackr-extract/msgpackr-extract-darwin-arm64': [ '3.0.3' ],
78 silly audit   '@msgpackr-extract/msgpackr-extract-darwin-x64': [ '3.0.3' ],
78 silly audit   '@msgpackr-extract/msgpackr-extract-linux-arm': [ '3.0.3' ],
78 silly audit   '@msgpackr-extract/msgpackr-extract-linux-arm64': [ '3.0.3' ],
78 silly audit   '@msgpackr-extract/msgpackr-extract-linux-x64': [ '3.0.3' ],
78 silly audit   '@msgpackr-extract/msgpackr-extract-win32-x64': [ '3.0.3' ],
78 silly audit   '@napi-rs/nice': [ '1.1.1' ],
78 silly audit   '@napi-rs/nice-android-arm-eabi': [ '1.1.1' ],
78 silly audit   '@napi-rs/nice-android-arm64': [ '1.1.1' ],
78 silly audit   '@napi-rs/nice-darwin-arm64': [ '1.1.1' ],
78 silly audit   '@napi-rs/nice-darwin-x64': [ '1.1.1' ],
78 silly audit   '@napi-rs/nice-freebsd-x64': [ '1.1.1' ],
78 silly audit   '@napi-rs/nice-linux-arm-gnueabihf': [ '1.1.1' ],
78 silly audit   '@napi-rs/nice-linux-arm64-gnu': [ '1.1.1' ],
78 silly audit   '@napi-rs/nice-linux-arm64-musl': [ '1.1.1' ],
78 silly audit   '@napi-rs/nice-linux-ppc64-gnu': [ '1.1.1' ],
78 silly audit   '@napi-rs/nice-linux-riscv64-gnu': [ '1.1.1' ],
78 silly audit   '@napi-rs/nice-linux-s390x-gnu': [ '1.1.1' ],
78 silly audit   '@napi-rs/nice-linux-x64-gnu': [ '1.1.1' ],
78 silly audit   '@napi-rs/nice-linux-x64-musl': [ '1.1.1' ],
78 silly audit   '@napi-rs/nice-openharmony-arm64': [ '1.1.1' ],
78 silly audit   '@napi-rs/nice-win32-arm64-msvc': [ '1.1.1' ],
78 silly audit   '@napi-rs/nice-win32-ia32-msvc': [ '1.1.1' ],
78 silly audit   '@napi-rs/nice-win32-x64-msvc': [ '1.1.1' ],
78 silly audit   '@napi-rs/wasm-runtime': [ '1.1.4' ],
78 silly audit   '@npmcli/agent': [ '4.0.0' ],
78 silly audit   '@npmcli/fs': [ '5.0.0' ],
78 silly audit   '@npmcli/git': [ '7.0.2' ],
78 silly audit   isexe: [ '4.0.0', '2.0.0' ],
78 silly audit   which: [ '6.0.1', '2.0.2' ],
78 silly audit   '@npmcli/installed-package-contents': [ '4.0.0' ],
78 silly audit   '@npmcli/node-gyp': [ '5.0.0' ],
78 silly audit   '@npmcli/package-json': [ '7.0.5' ],
78 silly audit   '@npmcli/promise-spawn': [ '9.0.1' ],
78 silly audit   '@npmcli/redact': [ '4.0.0' ],
78 silly audit   '@npmcli/run-script': [ '10.0.4' ],
78 silly audit   '@oxc-project/types': [ '0.113.0' ],
78 silly audit   '@parcel/watcher': [ '2.5.6' ],
78 silly audit   '@parcel/watcher-android-arm64': [ '2.5.6' ],
78 silly audit   '@parcel/watcher-darwin-arm64': [ '2.5.6' ],
78 silly audit   '@parcel/watcher-darwin-x64': [ '2.5.6' ],
78 silly audit   '@parcel/watcher-freebsd-x64': [ '2.5.6' ],
78 silly audit   '@parcel/watcher-linux-arm-glibc': [ '2.5.6' ],
78 silly audit   '@parcel/watcher-linux-arm-musl': [ '2.5.6' ],
78 silly audit   '@parcel/watcher-linux-arm64-glibc': [ '2.5.6' ],
78 silly audit   '@parcel/watcher-linux-arm64-musl': [ '2.5.6' ],
78 silly audit   '@parcel/watcher-linux-x64-glibc': [ '2.5.6' ],
78 silly audit   '@parcel/watcher-linux-x64-musl': [ '2.5.6' ],
78 silly audit   '@parcel/watcher-win32-arm64': [ '2.5.6' ],
78 silly audit   '@parcel/watcher-win32-ia32': [ '2.5.6' ],
78 silly audit   '@parcel/watcher-win32-x64': [ '2.5.6' ],
78 silly audit   'node-addon-api': [ '7.1.1', '6.1.0' ],
78 silly audit   '@rolldown/binding-android-arm64': [ '1.0.0-rc.4' ],
78 silly audit   '@rolldown/binding-darwin-arm64': [ '1.0.0-rc.4' ],
78 silly audit   '@rolldown/binding-darwin-x64': [ '1.0.0-rc.4' ],
78 silly audit   '@rolldown/binding-freebsd-x64': [ '1.0.0-rc.4' ],
78 silly audit   '@rolldown/binding-linux-arm-gnueabihf': [ '1.0.0-rc.4' ],
78 silly audit   '@rolldown/binding-linux-arm64-gnu': [ '1.0.0-rc.4' ],
78 silly audit   '@rolldown/binding-linux-arm64-musl': [ '1.0.0-rc.4' ],
78 silly audit   '@rolldown/binding-linux-x64-gnu': [ '1.0.0-rc.4' ],
78 silly audit   '@rolldown/binding-linux-x64-musl': [ '1.0.0-rc.4' ],
78 silly audit   '@rolldown/binding-openharmony-arm64': [ '1.0.0-rc.4' ],
78 silly audit   '@rolldown/binding-wasm32-wasi': [ '1.0.0-rc.4' ],
78 silly audit   '@rolldown/binding-win32-arm64-msvc': [ '1.0.0-rc.4' ],
78 silly audit   '@rolldown/binding-win32-x64-msvc': [ '1.0.0-rc.4' ],
78 silly audit   '@rolldown/pluginutils': [ '1.0.0-rc.4' ],
78 silly audit   '@rollup/rollup-android-arm-eabi': [ '4.60.1' ],
78 silly audit   '@rollup/rollup-android-arm64': [ '4.60.1' ],
78 silly audit   '@rollup/rollup-darwin-arm64': [ '4.60.1' ],
78 silly audit   '@rollup/rollup-darwin-x64': [ '4.60.1' ],
78 silly audit   '@rollup/rollup-freebsd-arm64': [ '4.60.1' ],
78 silly audit   '@rollup/rollup-freebsd-x64': [ '4.60.1' ],
78 silly audit   '@rollup/rollup-linux-arm-gnueabihf': [ '4.60.1' ],
78 silly audit   '@rollup/rollup-linux-arm-musleabihf': [ '4.60.1' ],
78 silly audit   '@rollup/rollup-linux-arm64-gnu': [ '4.60.1' ],
78 silly audit   '@rollup/rollup-linux-arm64-musl': [ '4.60.1' ],
78 silly audit   '@rollup/rollup-linux-loong64-gnu': [ '4.60.1' ],
78 silly audit   '@rollup/rollup-linux-loong64-musl': [ '4.60.1' ],
78 silly audit   '@rollup/rollup-linux-ppc64-gnu': [ '4.60.1' ],
78 silly audit   '@rollup/rollup-linux-ppc64-musl': [ '4.60.1' ],
78 silly audit   '@rollup/rollup-linux-riscv64-gnu': [ '4.60.1' ],
78 silly audit   '@rollup/rollup-linux-riscv64-musl': [ '4.60.1' ],
78 silly audit   '@rollup/rollup-linux-s390x-gnu': [ '4.60.1' ],
78 silly audit   '@rollup/rollup-linux-x64-gnu': [ '4.60.1' ],
78 silly audit   '@rollup/rollup-linux-x64-musl': [ '4.60.1' ],
78 silly audit   '@rollup/rollup-openbsd-x64': [ '4.60.1' ],
78 silly audit   '@rollup/rollup-openharmony-arm64': [ '4.60.1' ],
78 silly audit   '@rollup/rollup-win32-arm64-msvc': [ '4.60.1' ],
78 silly audit   '@rollup/rollup-win32-ia32-msvc': [ '4.60.1' ],
78 silly audit   '@rollup/rollup-win32-x64-gnu': [ '4.60.1' ],
78 silly audit   '@rollup/rollup-win32-x64-msvc': [ '4.60.1' ],
78 silly audit   '@schematics/angular': [ '21.2.7' ],
78 silly audit   '@sigstore/bundle': [ '4.0.0' ],
78 silly audit   '@sigstore/core': [ '3.2.0' ],
78 silly audit   '@sigstore/protobuf-specs': [ '0.5.1' ],
78 silly audit   '@sigstore/sign': [ '4.1.1' ],
78 silly audit   '@sigstore/tuf': [ '4.0.2' ],
78 silly audit   '@sigstore/verify': [ '3.1.0' ],
78 silly audit   '@standard-schema/spec': [ '1.1.0' ],
78 silly audit   '@tufjs/canonical-json': [ '2.0.0' ],
78 silly audit   '@tufjs/models': [ '4.1.0' ],
78 silly audit   '@tybys/wasm-util': [ '0.10.1' ],
78 silly audit   '@types/chai': [ '5.2.3' ],
78 silly audit   '@types/deep-eql': [ '4.0.2' ],
78 silly audit   '@types/estree': [ '1.0.8' ],
78 silly audit   '@vitejs/plugin-basic-ssl': [ '2.1.4' ],
78 silly audit   '@vitest/expect': [ '4.1.4' ],
78 silly audit   '@vitest/mocker': [ '4.1.4' ],
78 silly audit   '@vitest/pretty-format': [ '4.1.4' ],
78 silly audit   '@vitest/runner': [ '4.1.4' ],
78 silly audit   '@vitest/snapshot': [ '4.1.4' ],
78 silly audit   '@vitest/spy': [ '4.1.4' ],
78 silly audit   '@vitest/utils': [ '4.1.4' ],
78 silly audit   '@yarnpkg/lockfile': [ '1.1.0' ],
78 silly audit   abbrev: [ '4.0.0' ],
78 silly audit   accepts: [ '2.0.0' ],
78 silly audit   'agent-base': [ '7.1.4' ],
78 silly audit   ajv: [ '8.18.0' ],
78 silly audit   'ajv-formats': [ '3.0.1' ],
78 silly audit   algoliasearch: [ '5.48.1' ],
78 silly audit   'ansi-escapes': [ '7.3.0' ],
78 silly audit   'ansi-regex': [ '6.2.2', '5.0.1' ],
78 silly audit   'ansi-styles': [ '6.2.3', '4.3.0' ],
78 silly audit   'assertion-error': [ '2.0.1' ],
78 silly audit   'balanced-match': [ '4.0.4' ],
78 silly audit   'baseline-browser-mapping': [ '2.10.19' ],
78 silly audit   beasties: [ '0.4.1' ],
78 silly audit   'bidi-js': [ '1.0.3' ],
78 silly audit   'body-parser': [ '2.2.2' ],
78 silly audit   boolbase: [ '1.0.0' ],
78 silly audit   'brace-expansion': [ '5.0.5' ],
78 silly audit   browserslist: [ '4.28.2' ],
78 silly audit   'buffer-from': [ '1.1.2' ],
78 silly audit   bytes: [ '3.1.2' ],
78 silly audit   cacache: [ '20.0.4' ],
78 silly audit   'call-bind-apply-helpers': [ '1.0.2' ],
78 silly audit   'call-bound': [ '1.0.4' ],
78 silly audit   'caniuse-lite': [ '1.0.30001788' ],
78 silly audit   chai: [ '6.2.2' ],
78 silly audit   chalk: [ '5.6.2' ],
78 silly audit   chardet: [ '2.1.1' ],
78 silly audit   chokidar: [ '5.0.0', '4.0.3' ],
78 silly audit   chownr: [ '3.0.0' ],
78 silly audit   'cli-cursor': [ '5.0.0' ],
78 silly audit   'cli-spinners': [ '3.4.0' ],
78 silly audit   'cli-truncate': [ '5.2.0' ],
78 silly audit   'cli-width': [ '4.1.0' ],
78 silly audit   cliui: [ '9.0.1' ],
78 silly audit   'string-width': [ '7.2.0', '8.2.0', '4.2.3' ],
78 silly audit   'wrap-ansi': [ '9.0.2', '6.2.0' ],
78 silly audit   'color-convert': [ '2.0.1' ],
78 silly audit   'color-name': [ '1.1.4' ],
78 silly audit   colorette: [ '2.0.20' ],
78 silly audit   'content-disposition': [ '1.1.0' ],
78 silly audit   'content-type': [ '1.0.5' ],
78 silly audit   cookie: [ '0.7.2' ],
78 silly audit   'cookie-signature': [ '1.2.2' ],
78 silly audit   cors: [ '2.8.6' ],
78 silly audit   'cross-spawn': [ '7.0.6' ],
78 silly audit   'css-select': [ '6.0.0' ],
78 silly audit   'css-tree': [ '3.2.1' ],
78 silly audit   'css-what': [ '7.0.0' ],
78 silly audit   cssstyle: [ '6.2.0' ],
78 silly audit   'data-urls': [ '7.0.0' ],
78 silly audit   debug: [ '4.4.3' ],
78 silly audit   'decimal.js': [ '10.6.0' ],
78 silly audit   depd: [ '2.0.0' ],
78 silly audit   'detect-libc': [ '2.1.2' ],
78 silly audit   'dom-serializer': [ '2.0.0' ],
78 silly audit   domelementtype: [ '2.3.0' ],
78 silly audit   domhandler: [ '5.0.3' ],
78 silly audit   domutils: [ '3.2.2' ],
78 silly audit   'dunder-proto': [ '1.0.1' ],
78 silly audit   'ee-first': [ '1.1.1' ],
78 silly audit   'electron-to-chromium': [ '1.5.339' ],
78 silly audit   'emoji-regex': [ '10.6.0', '8.0.0' ],
78 silly audit   encodeurl: [ '2.0.0' ],
78 silly audit   entities: [ '4.5.0', '7.0.1', '6.0.1' ],
78 silly audit   'env-paths': [ '2.2.1' ],
78 silly audit   environment: [ '1.1.0' ],
78 silly audit   'err-code': [ '2.0.3' ],
78 silly audit   'es-define-property': [ '1.0.1' ],
78 silly audit   'es-errors': [ '1.3.0' ],
78 silly audit   'es-module-lexer': [ '2.0.0' ],
78 silly audit   'es-object-atoms': [ '1.1.1' ],
78 silly audit   esbuild: [ '0.27.3' ],
78 silly audit   escalade: [ '3.2.0' ],
78 silly audit   'escape-html': [ '1.0.3' ],
78 silly audit   'estree-walker': [ '3.0.3' ],
78 silly audit   etag: [ '1.8.1' ],
78 silly audit   eventemitter3: [ '5.0.4' ],
78 silly audit   eventsource: [ '3.0.7' ],
78 silly audit   'eventsource-parser': [ '3.0.6' ],
78 silly audit   'expect-type': [ '1.3.0' ],
78 silly audit   'exponential-backoff': [ '3.1.3' ],
78 silly audit   express: [ '5.2.1' ],
78 silly audit   'express-rate-limit': [ '8.3.2' ],
78 silly audit   'fast-deep-equal': [ '3.1.3' ],
78 silly audit   'fast-uri': [ '3.1.0' ],
78 silly audit   fdir: [ '6.5.0' ],
78 silly audit   finalhandler: [ '2.1.1' ],
78 silly audit   forwarded: [ '0.2.0' ],
78 silly audit   fresh: [ '2.0.0' ],
78 silly audit   'fs-minipass': [ '3.0.3' ],
78 silly audit   fsevents: [ '2.3.3' ],
78 silly audit   'function-bind': [ '1.1.2' ],
78 silly audit   gensync: [ '1.0.0-beta.2' ],
78 silly audit   'get-caller-file': [ '2.0.5' ],
78 silly audit   'get-east-asian-width': [ '1.5.0' ],
78 silly audit   'get-intrinsic': [ '1.3.0' ],
78 silly audit   'get-proto': [ '1.0.1' ],
78 silly audit   glob: [ '13.0.6' ],
78 silly audit   'glob-to-regexp': [ '0.4.1' ],
78 silly audit   gopd: [ '1.2.0' ],
78 silly audit   'graceful-fs': [ '4.2.11' ],
78 silly audit   'has-symbols': [ '1.1.0' ],
78 silly audit   hasown: [ '2.0.2' ],
78 silly audit   hono: [ '4.12.14' ],
78 silly audit   'hosted-git-info': [ '9.0.2' ],
78 silly audit   'html-encoding-sniffer': [ '6.0.0' ],
78 silly audit   htmlparser2: [ '10.1.0' ],
78 silly audit   'http-cache-semantics': [ '4.2.0' ],
78 silly audit   'http-errors': [ '2.0.1' ],
78 silly audit   'http-proxy-agent': [ '7.0.2' ],
78 silly audit   'https-proxy-agent': [ '7.0.6' ],
78 silly audit   'iconv-lite': [ '0.7.2' ],
78 silly audit   'ignore-walk': [ '8.0.0' ],
78 silly audit   immutable: [ '5.1.5' ],
78 silly audit   inherits: [ '2.0.4' ],
78 silly audit   ini: [ '6.0.0' ],
78 silly audit   'ip-address': [ '10.1.0' ],
78 silly audit   'ipaddr.js': [ '1.9.1' ],
78 silly audit   'is-extglob': [ '2.1.1' ],
78 silly audit   'is-fullwidth-code-point': [ '5.1.0', '3.0.0' ],
78 silly audit   'is-glob': [ '4.0.3' ],
78 silly audit   'is-interactive': [ '2.0.0' ],
78 silly audit   'is-potential-custom-element-name': [ '1.0.1' ],
78 silly audit   'is-promise': [ '4.0.0' ],
78 silly audit   'is-unicode-supported': [ '2.1.0' ],
78 silly audit   'istanbul-lib-coverage': [ '3.2.2' ],
78 silly audit   'istanbul-lib-instrument': [ '6.0.3' ],
78 silly audit   jose: [ '6.2.2' ],
78 silly audit   'js-tokens': [ '4.0.0' ],
78 silly audit   jsdom: [ '28.1.0' ],
78 silly audit   jsesc: [ '3.1.0' ],
78 silly audit   'json-parse-even-better-errors': [ '5.0.0' ],
78 silly audit   'json-schema-traverse': [ '1.0.0' ],
78 silly audit   'json-schema-typed': [ '8.0.2' ],
78 silly audit   json5: [ '2.2.3' ],
78 silly audit   'jsonc-parser': [ '3.3.1' ],
78 silly audit   jsonparse: [ '1.3.1' ],
78 silly audit   listr2: [ '9.0.5' ],
78 silly audit   lmdb: [ '3.5.1' ],
78 silly audit   'log-symbols': [ '7.0.1' ],
78 silly audit   'log-update': [ '6.1.0' ],
78 silly audit   'slice-ansi': [ '7.1.2', '8.0.0' ],
78 silly audit   'magic-string': [ '0.30.21' ],
78 silly audit   'make-fetch-happen': [ '15.0.5' ],
78 silly audit   'math-intrinsics': [ '1.1.0' ],
78 silly audit   'mdn-data': [ '2.27.1' ],
78 silly audit   'media-typer': [ '1.1.0' ],
78 silly audit   'merge-descriptors': [ '2.0.0' ],
78 silly audit   'mime-db': [ '1.54.0' ],
78 silly audit   'mime-types': [ '3.0.2' ],
78 silly audit   'mimic-function': [ '5.0.1' ],
78 silly audit   minimatch: [ '10.2.5' ],
78 silly audit   minipass: [ '7.1.3', '3.3.6' ],
78 silly audit   'minipass-collect': [ '2.0.1' ],
78 silly audit   'minipass-fetch': [ '5.0.2' ],
78 silly audit   'minipass-flush': [ '1.0.7' ],
78 silly audit   yallist: [ '4.0.0', '5.0.0', '3.1.1' ],
78 silly audit   'minipass-pipeline': [ '1.2.4' ],
78 silly audit   'minipass-sized': [ '2.0.0' ],
78 silly audit   minizlib: [ '3.1.0' ],
78 silly audit   mrmime: [ '2.0.1' ],
78 silly audit   ms: [ '2.1.3' ],
78 silly audit   msgpackr: [ '1.11.9' ],
78 silly audit   'msgpackr-extract': [ '3.0.3' ],
78 silly audit   'mute-stream': [ '2.0.0' ],
78 silly audit   nanoid: [ '3.3.11' ],
78 silly audit   negotiator: [ '1.0.0' ],
78 silly audit   'node-gyp': [ '12.2.0' ],
78 silly audit   'node-gyp-build-optional-packages': [ '5.2.2' ],
78 silly audit   'node-releases': [ '2.0.37' ],
78 silly audit   nopt: [ '9.0.0' ],
78 silly audit   'npm-bundled': [ '5.0.0' ],
78 silly audit   'npm-install-checks': [ '8.0.0' ],
78 silly audit   'npm-normalize-package-bin': [ '5.0.0' ],
78 silly audit   'npm-package-arg': [ '13.0.2' ],
78 silly audit   'npm-packlist': [ '10.0.4' ],
78 silly audit   'npm-pick-manifest': [ '11.0.3' ],
78 silly audit   'npm-registry-fetch': [ '19.1.1' ],
78 silly audit   'nth-check': [ '2.1.1' ],
78 silly audit   'object-assign': [ '4.1.1' ],
78 silly audit   'object-inspect': [ '1.13.4' ],
78 silly audit   obug: [ '2.1.1' ],
78 silly audit   'on-finished': [ '2.4.1' ],
78 silly audit   once: [ '1.4.0' ],
78 silly audit   onetime: [ '7.0.0' ],
78 silly audit   ora: [ '9.3.0' ],
78 silly audit   'ordered-binary': [ '1.6.1' ],
78 silly audit   'p-map': [ '7.0.4' ],
78 silly audit   pacote: [ '21.3.1' ],
78 silly audit   parse5: [ '8.0.0' ],
78 silly audit   'parse5-html-rewriting-stream': [ '8.0.0' ],
78 silly audit   'parse5-sax-parser': [ '8.0.0' ],
78 silly audit   parseurl: [ '1.3.3' ],
78 silly audit   'path-key': [ '3.1.1' ],
78 silly audit   'path-scurry': [ '2.0.2' ],
78 silly audit   'path-to-regexp': [ '8.4.2' ],
78 silly audit   pathe: [ '2.0.3' ],
78 silly audit   picocolors: [ '1.1.1' ],
78 silly audit   picomatch: [ '4.0.4' ],
78 silly audit   piscina: [ '5.1.4' ],
78 silly audit   'pkce-challenge': [ '5.0.1' ],
78 silly audit   postcss: [ '8.5.10' ],
78 silly audit   'postcss-media-query-parser': [ '0.2.3' ],
78 silly audit   'postcss-safe-parser': [ '7.0.1' ],
78 silly audit   prettier: [ '3.8.3' ],
78 silly audit   'proc-log': [ '6.1.0' ],
78 silly audit   'promise-retry': [ '2.0.1' ],
78 silly audit   'proxy-addr': [ '2.0.7' ],
78 silly audit   punycode: [ '2.3.1' ],
78 silly audit   qs: [ '6.15.1' ],
78 silly audit   'range-parser': [ '1.2.1' ],
78 silly audit   'raw-body': [ '3.0.2' ],
78 silly audit   readdirp: [ '5.0.0', '4.1.2' ],
78 silly audit   'reflect-metadata': [ '0.2.2' ],
78 silly audit   'require-from-string': [ '2.0.2' ],
78 silly audit   'restore-cursor': [ '5.1.0' ],
78 silly audit   retry: [ '0.12.0' ],
78 silly audit   rfdc: [ '1.4.1' ],
78 silly audit   rolldown: [ '1.0.0-rc.4' ],
78 silly audit   rollup: [ '4.60.1' ],
78 silly audit   router: [ '2.2.0' ],
78 silly audit   rxjs: [ '7.8.2' ],
78 silly audit   'safer-buffer': [ '2.1.2' ],
78 silly audit   sass: [ '1.97.3' ],
78 silly audit   saxes: [ '6.0.0' ],
78 silly audit   send: [ '1.2.1' ],
78 silly audit   'serve-static': [ '2.2.1' ],
78 silly audit   setprototypeof: [ '1.2.0' ],
78 silly audit   'shebang-command': [ '2.0.0' ],
78 silly audit   'shebang-regex': [ '3.0.0' ],
78 silly audit   'side-channel': [ '1.1.0' ],
78 silly audit   'side-channel-list': [ '1.0.1' ],
78 silly audit   'side-channel-map': [ '1.0.1' ],
78 silly audit   'side-channel-weakmap': [ '1.0.2' ],
78 silly audit   siginfo: [ '2.0.0' ],
78 silly audit   'signal-exit': [ '4.1.0' ],
78 silly audit   sigstore: [ '4.1.0' ],
78 silly audit   'smart-buffer': [ '4.2.0' ],
78 silly audit   socks: [ '2.8.7' ],
78 silly audit   'socks-proxy-agent': [ '8.0.5' ],
78 silly audit   'source-map': [ '0.7.6', '0.6.1' ],
78 silly audit   'source-map-js': [ '1.2.1' ],
78 silly audit   'source-map-support': [ '0.5.21' ],
78 silly audit   'spdx-exceptions': [ '2.5.0' ],
78 silly audit   'spdx-expression-parse': [ '4.0.0' ],
78 silly audit   'spdx-license-ids': [ '3.0.23' ],
78 silly audit   ssri: [ '13.0.1' ],
78 silly audit   stackback: [ '0.0.2' ],
78 silly audit   statuses: [ '2.0.2' ],
78 silly audit   'std-env': [ '4.1.0' ],
78 silly audit   'stdin-discarder': [ '0.3.2' ],
78 silly audit   'strip-ansi': [ '7.2.0', '6.0.1' ],
78 silly audit   'symbol-tree': [ '3.2.4' ],
78 silly audit   tar: [ '7.5.13' ],
78 silly audit   tinybench: [ '2.9.0' ],
78 silly audit   tinyexec: [ '1.1.1' ],
78 silly audit   tinyglobby: [ '0.2.15' ],
78 silly audit   tinyrainbow: [ '3.1.0' ],
78 silly audit   tldts: [ '7.0.28' ],
78 silly audit   'tldts-core': [ '7.0.28' ],
78 silly audit   toidentifier: [ '1.0.1' ],
78 silly audit   'tough-cookie': [ '6.0.1' ],
78 silly audit   tr46: [ '6.0.0' ],
78 silly audit   tslib: [ '2.8.1' ],
78 silly audit   'tuf-js': [ '4.1.0' ],
78 silly audit   'type-is': [ '2.0.1' ],
78 silly audit   typescript: [ '5.9.3' ],
78 silly audit   undici: [ '7.24.4' ],
78 silly audit   unpipe: [ '1.0.0' ],
78 silly audit   'update-browserslist-db': [ '1.2.3' ],
78 silly audit   'validate-npm-package-name': [ '7.0.2' ],
78 silly audit   vary: [ '1.1.2' ],
78 silly audit   vite: [ '7.3.2' ],
78 silly audit   vitest: [ '4.1.4' ],
78 silly audit   'w3c-xmlserializer': [ '5.0.0' ],
78 silly audit   watchpack: [ '2.5.1' ],
78 silly audit   'weak-lru-cache': [ '1.2.2' ],
78 silly audit   'webidl-conversions': [ '8.0.1' ],
78 silly audit   'whatwg-mimetype': [ '5.0.0' ],
78 silly audit   'whatwg-url': [ '16.0.1' ],
78 silly audit   'why-is-node-running': [ '2.3.0' ],
78 silly audit   wrappy: [ '1.0.2' ],
78 silly audit   'xml-name-validator': [ '5.0.0' ],
78 silly audit   xmlchars: [ '2.2.0' ],
78 silly audit   y18n: [ '5.0.8' ],
78 silly audit   yargs: [ '18.0.0' ],
78 silly audit   'yargs-parser': [ '22.0.0' ],
78 silly audit   yoctocolors: [ '2.1.2' ],
78 silly audit   'yoctocolors-cjs': [ '2.1.3' ],
78 silly audit   zod: [ '4.3.6' ],
78 silly audit   'zod-to-json-schema': [ '3.25.2' ],
78 silly audit   '@angular/animations': [ '21.2.9' ],
78 silly audit   '@angular/cdk': [ '21.2.7' ],
78 silly audit   '@angular/material': [ '21.2.7' ],
78 silly audit   'chart.js': [ '4.5.1' ],
78 silly audit   'ng2-charts': [ '10.0.0' ],
78 silly audit   '@kurkle/color': [ '0.3.4' ],
78 silly audit   'es-toolkit': [ '1.45.1' ]
78 silly audit }
79 http cache @kurkle/color@https://registry.npmjs.org/@kurkle/color/-/color-0.3.4.tgz 0ms (cache hit)
80 http cache ng2-charts@https://registry.npmjs.org/ng2-charts/-/ng2-charts-10.0.0.tgz 0ms (cache hit)
81 http cache es-toolkit@https://registry.npmjs.org/es-toolkit/-/es-toolkit-1.45.1.tgz 0ms (cache hit)
82 http cache chart.js@https://registry.npmjs.org/chart.js/-/chart.js-4.5.1.tgz 0ms (cache hit)
83 http cache @angular/material@https://registry.npmjs.org/@angular/material/-/material-21.2.7.tgz 0ms (cache hit)
84 http cache @angular/cdk@https://registry.npmjs.org/@angular/cdk/-/cdk-21.2.7.tgz 0ms (cache hit)
85 silly tarball no local data for @kurkle/color@https://registry.npmjs.org/@kurkle/color/-/color-0.3.4.tgz. Extracting by manifest.
86 silly tarball no local data for ng2-charts@https://registry.npmjs.org/ng2-charts/-/ng2-charts-10.0.0.tgz. Extracting by manifest.
87 silly tarball no local data for es-toolkit@https://registry.npmjs.org/es-toolkit/-/es-toolkit-1.45.1.tgz. Extracting by manifest.
88 silly tarball no local data for chart.js@https://registry.npmjs.org/chart.js/-/chart.js-4.5.1.tgz. Extracting by manifest.
89 silly tarball no local data for @angular/material@https://registry.npmjs.org/@angular/material/-/material-21.2.7.tgz. Extracting by manifest.
90 silly tarball no local data for @angular/cdk@https://registry.npmjs.org/@angular/cdk/-/cdk-21.2.7.tgz. Extracting by manifest.
91 http cache @angular/animations@https://registry.npmjs.org/@angular/animations/-/animations-21.2.9.tgz 0ms (cache hit)
92 http cache @emnapi/wasi-threads@https://registry.npmjs.org/@emnapi/wasi-threads/-/wasi-threads-1.2.1.tgz 0ms (cache hit)
93 silly tarball no local data for @angular/animations@https://registry.npmjs.org/@angular/animations/-/animations-21.2.9.tgz. Extracting by manifest.
94 silly tarball no local data for @emnapi/wasi-threads@https://registry.npmjs.org/@emnapi/wasi-threads/-/wasi-threads-1.2.1.tgz. Extracting by manifest.
95 http fetch GET 200 https://registry.npmjs.org/@kurkle/color/-/color-0.3.4.tgz 89ms (cache miss)
96 http fetch GET 200 https://registry.npmjs.org/@emnapi/wasi-threads/-/wasi-threads-1.2.1.tgz 136ms (cache miss)
97 http fetch GET 200 https://registry.npmjs.org/ng2-charts/-/ng2-charts-10.0.0.tgz 165ms (cache miss)
98 http fetch POST 200 https://registry.npmjs.org/-/npm/v1/security/advisories/bulk 211ms
99 silly audit report {}
100 http fetch GET 200 https://registry.npmjs.org/@angular/animations/-/animations-21.2.9.tgz 318ms (cache miss)
101 http fetch GET 200 https://registry.npmjs.org/chart.js/-/chart.js-4.5.1.tgz 393ms (cache miss)
102 http fetch GET 200 https://registry.npmjs.org/@angular/material/-/material-21.2.7.tgz 1024ms (cache miss)
103 http fetch GET 200 https://registry.npmjs.org/@angular/cdk/-/cdk-21.2.7.tgz 1082ms (cache miss)
104 http fetch GET 200 https://registry.npmjs.org/es-toolkit/-/es-toolkit-1.45.1.tgz 2520ms (cache miss)
105 silly ADD node_modules/es-toolkit
106 silly ADD node_modules/@kurkle/color
107 silly ADD node_modules/ng2-charts
108 silly ADD node_modules/chart.js
109 silly ADD node_modules/@angular/material
110 silly ADD node_modules/@angular/cdk
111 silly ADD node_modules/@angular/animations
112 silly ADD node_modules/@emnapi/wasi-threads
113 verbose cwd C:\Users\isaac\Documents\Proyectos\Postular_app\job-dashboard
114 verbose os Windows_NT 10.0.26200
115 verbose node v24.13.0
116 verbose npm  v11.6.2
117 verbose exit 0
118 info ok
